LToken (Span 1:1 1:2) (Identifier "\195\129") LEnd