LToken (Span 1:1 1:2) (Qualid "" "x") (LToken (Span 1:3 1:4) (Keyword "=") (LToken (Span 1:5 1:6) (Decimal 5) (LToken (Span 2:1 2:1) (Keyword ";") (LToken (Span 2:1 2:3) LSplice (LToken (Span 2:4 2:10) (Qualid "" "mk_fun") (LToken (Span 2:11 2:12) (Symbol "#" (Looseness True False)) (LToken (Span 2:12 2:13) (Qualid "" "x") (LToken (Span 2:14 2:15) RRound LEnd))))))))