LToken (Span 1:1 1:2) (Identifier "a") (LToken (Span 1:3 1:4) (Keyword "=") (LToken (Span 1:5 1:27) (Identifier "b\204\182\205\152\204\143\205\151\204\143\204\135\204\145\204\136\205\155\204\160\204\169\204\160\204\160\204\170\204\162\204\156\204\167\205\154\205\133\205\153c") (LError (UnexpectedChar 1:27 ';'))))