LToken (Span 1:1 1:2) (Qualid "" "x") (LToken (Span 1:3 1:4) (Symbol "=") (LToken (Span 1:5 1:7) (Decimal 10) LEnd))