Right (Program [ImQualified (ModuleName ["a","b"])] [])