Right (TBin (Span 1:3 1:4) "=" (Leaf [WIdent (Span 1:1 1:2) [] "x"]) (Leaf [WDecim (Span 1:5 1:7) 10]))