Right (Leaf [WBrack Curly (Leaf [WBrack Curly (Leaf [])])])