Right (Program [Statement (LitE "hello, world! \" This is a string \NUL\n\r\"")])